- https://docs.botkube.io/license/
- https://docs.botkube.io/search
- https://docs.botkube.io/support/
- https://docs.botkube.io/telemetry/
- https://docs.botkube.io/versions
- https://docs.botkube.io/community/contribute/
- https://docs.botkube.io/community/contribute/elasticsearch-develop
- https://docs.botkube.io/community/contribute/ms-teams-develop
- https://docs.botkube.io/community/contribute/release
- https://docs.botkube.io/community/contribute/webhook-develop
- https://docs.botkube.io/community/credits
- https://docs.botkube.io/
- https://docs.botkube.io/architecture/
- https://docs.botkube.io/architecture/cloud-teams
- https://docs.botkube.io/cli/commands/botkube
- https://docs.botkube.io/cli/commands/botkube_config
- https://docs.botkube.io/cli/commands/botkube_config_get
- https://docs.botkube.io/cli/commands/botkube_install
- https://docs.botkube.io/cli/commands/botkube_login
- https://docs.botkube.io/cli/commands/botkube_migrate
- https://docs.botkube.io/cli/commands/botkube_telemetry
- https://docs.botkube.io/cli/commands/botkube_telemetry_disable
- https://docs.botkube.io/cli/commands/botkube_telemetry_enable
- https://docs.botkube.io/cli/commands/botkube_uninstall
- https://docs.botkube.io/cli/commands/botkube_version
- https://docs.botkube.io/cli/getting-started
- https://docs.botkube.io/cli/migrating-installation-to-botkube-cloud
- https://docs.botkube.io/configuration/
- https://docs.botkube.io/configuration/action
- https://docs.botkube.io/configuration/alias
- https://docs.botkube.io/configuration/communication/
- https://docs.botkube.io/configuration/communication/vault-csi
- https://docs.botkube.io/configuration/executor/
- https://docs.botkube.io/configuration/executor/doctor
- https://docs.botkube.io/configuration/executor/exec
- https://docs.botkube.io/configuration/executor/flux
- https://docs.botkube.io/configuration/executor/helm
- https://docs.botkube.io/configuration/executor/kubectl
- https://docs.botkube.io/configuration/general
- https://docs.botkube.io/configuration/helm-chart-parameters
- https://docs.botkube.io/configuration/rbac
- https://docs.botkube.io/configuration/source/
- https://docs.botkube.io/configuration/source/argocd
- https://docs.botkube.io/configuration/source/github-events
- https://docs.botkube.io/configuration/source/keptn
- https://docs.botkube.io/configuration/source/kubernetes
- https://docs.botkube.io/configuration/source/prometheus
- https://docs.botkube.io/examples-and-tutorials/
- https://docs.botkube.io/examples-and-tutorials/getstarted/
- https://docs.botkube.io/examples-and-tutorials/integrations/
- https://docs.botkube.io/examples-and-tutorials/tutorials/
- https://docs.botkube.io/examples-and-tutorials/usecases/
- https://docs.botkube.io/examples-and-tutorials/videos/
- https://docs.botkube.io/installation/discord/
- https://docs.botkube.io/installation/discord/cloud
- https://docs.botkube.io/installation/discord/self-hosted
- https://docs.botkube.io/installation/elasticsearch/
- https://docs.botkube.io/installation/elasticsearch/cloud
- https://docs.botkube.io/installation/elasticsearch/self-hosted
- https://docs.botkube.io/installation/mattermost/
- https://docs.botkube.io/installation/mattermost/cloud
- https://docs.botkube.io/installation/mattermost/self-hosted
- https://docs.botkube.io/installation/slack/
- https://docs.botkube.io/installation/slack/cloud-slack
- https://docs.botkube.io/installation/slack/socket-slack
- https://docs.botkube.io/installation/socketslack
- https://docs.botkube.io/installation/teams/
- https://docs.botkube.io/installation/webhook/
- https://docs.botkube.io/installation/webhook/cloud
- https://docs.botkube.io/installation/webhook/self-hosted
- https://docs.botkube.io/operation/common-problems
- https://docs.botkube.io/operation/diagnostics
- https://docs.botkube.io/plugin/
- https://docs.botkube.io/plugin/custom-executor
- https://docs.botkube.io/plugin/custom-source
- https://docs.botkube.io/plugin/debugging
- https://docs.botkube.io/plugin/dependencies
- https://docs.botkube.io/plugin/interactive-messages
- https://docs.botkube.io/plugin/local-testing
- https://docs.botkube.io/plugin/quick-start
- https://docs.botkube.io/plugin/repo
- https://docs.botkube.io/plugin/troubleshooting.md
- https://docs.botkube.io/plugin/using-kubeconfig
- https://docs.botkube.io/usage/
- https://docs.botkube.io/usage/automated-actions
- https://docs.botkube.io/usage/event-notifications
- https://docs.botkube.io/usage/executor/
- https://docs.botkube.io/usage/executor/doctor
- https://docs.botkube.io/usage/executor/exec
- https://docs.botkube.io/usage/executor/flux
- https://docs.botkube.io/usage/executor/helm
- https://docs.botkube.io/usage/executor/kubectl
- https://docs.botkube.io/usage/interactive-output-filtering
- https://docs.botkube.io/usage/source/
- https://docs.botkube.io/usage/source/argocd
- https://docs.botkube.io/usage/source/keptn
- https://docs.botkube.io/usage/source/kubernetes
- https://docs.botkube.io/usage/source/prometheus
- https://botkube.io
- https://botkube.io/professional-services-partner
- https://botkube.io/support
- https://botkube.io/integrations
- https://botkube.io/pricing
- https://botkube.io/contact
- https://botkube.io/learn
- https://botkube.io/privacy-policy
- https://botkube.io/terms-and-conditions
- https://botkube.io/events
- https://botkube.io/features
- https://botkube.io/news
- https://botkube.io/blog
- https://botkube.io/slack-app
- https://botkube.io/case-studies
- https://botkube.io/solutions/enabling-developers
- https://botkube.io/about
- https://botkube.io/blog/ai-for-kubernetes-operations
- https://botkube.io/blog/argo-cd-botkube-integration
- https://botkube.io/blog/beginners-guide-to-botkube-plugin-development-how-botkube-plug-ins-can-unify-your-cloud-native-tools
- https://botkube.io/blog/best-practices-for-kubernetes-troubleshooting-in-multi-cluster-environments
- https://botkube.io/blog/botkube-1-6-release
- https://botkube.io/blog/botkube-5-essential-devopstasks-to-automate
- https://botkube.io/blog/botkube-open-source-to-cloud-migration
- https://botkube.io/blog/botkube-socket-slack-getting-started
- https://botkube.io/blog/botkube-takes-on-amsterdam-a-kubecon-recap
- https://botkube.io/blog/botkube-v0-18-0-release-notes
- https://botkube.io/blog/botkube-v013-release-notes
- https://botkube.io/blog/botkube-v014-release-notes
- https://botkube.io/blog/botkube-v015-release-notes
- https://botkube.io/blog/botkube-v016-release-notes
- https://botkube.io/blog/botkube-v017-release-notes
- https://botkube.io/blog/botkube-v1-1-0-release-notes
- https://botkube.io/blog/botkube-v1-2-0-release-notes
- https://botkube.io/blog/botkube-v1-3-0-release-notes
- https://botkube.io/blog/botkube-v1-4-0-release-notes
- https://botkube.io/blog/build-a-github-issues-reporter-for-failing-kubernetes-apps-with-botkube-plugins
- https://botkube.io/blog/building-a-chatgpt-plugin-from-ideation-to-implementation
- https://botkube.io/blog/command-line-magic-simplify-your-life-with-custom-kubernetes-kubectrl-aliases-on-botkube
- https://botkube.io/blog/configure-event-sources-with-new-botkube-filters
- https://botkube.io/blog/creating-the-botkube-flux-plugin-for-day-2-operations
- https://botkube.io/blog/doctor-plug-in-tutorial
- https://botkube.io/blog/empowering-your-kubernetes-multi-cluster-observability-with-intelligent-monitoring
- https://botkube.io/blog/enhancing-gitops-workflows-with-botkube
- https://botkube.io/blog/explore-the-new-era-of-aiops-with-botkubes-ai-assistant
- https://botkube.io/blog/five-essential-kubernetes-tasks
- https://botkube.io/blog/get-botkube-running-in-under-3-minutes-the-new-slack-app
- https://botkube.io/blog/getting-started-with-botkube-and-argocd
- https://botkube.io/blog/implementing-your-own-botkube-plugin-a-real-life-use-case
- https://botkube.io/blog/integrating-microsoft-teams-with-azure-for-kubernetes-deployments
- https://botkube.io/blog/introducing-botkube-v1-0-the-future-of-kubernetes-troubleshooting
- https://botkube.io/blog/introducing-botkubes-integration-with-flux
- https://botkube.io/blog/is-chatops-a-kubernetes-dashboard-alternative
- https://botkube.io/blog/level-up-your-sre-workflow-automating-manual-tasks-with-botkube-ai-assistant
- https://botkube.io/blog/leveraging-botkube-for-kubernetes-cost-optimization-and-reporting
- https://botkube.io/blog/maximize-your-devops-teams-efficiency-with-botkube-and-microsoft-teams
- https://botkube.io/blog/microsoft-teams-integration-for-botkube-a-technical-journey
- https://botkube.io/blog/optimizing-collaboration-and-notifications-with-the-botkube-argocd-plugin
- https://botkube.io/blog/real-time-platform-engineer-advice-ai-assistant
- https://botkube.io/blog/revolutionize-your-kubernetes-troubleshooting-workflow-with-microsoft-teams-and-botkube
- https://botkube.io/blog/scaling-new-heights-taking-botkube-to-scale-20x
- https://botkube.io/blog/simplify-kubernetes-with-botkubes-ai-developer-self-service-made-easy
- https://botkube.io/blog/step-by-step-tutorial-leveraging-botkubes-cloud-slack-feature-for-kubernetes-collaborative-troubleshooting
- https://botkube.io/blog/streamlining-gitops-with-the-botkube-flux-plugin
- https://botkube.io/blog/streamlining-kubernetes-management-a-closer-look-at-botkube-chatops
- https://botkube.io/blog/supercharging-developer-collaboration-how-chatops-lives-on-with-botkube
- https://botkube.io/blog/the-state-of-kubernetes-errors-in-2023
- https://botkube.io/blog/use-chatgpt-to-troubleshoot-kubernetes-errors-with-botkubes-doctor
- https://botkube.io/tags/ai
- https://botkube.io/tags/aiops
- https://botkube.io/tags/argo-cd
- https://botkube.io/tags/botkube-cloud
- https://botkube.io/tags/chatops
- https://botkube.io/tags/development
- https://botkube.io/tags/gitops
- https://botkube.io/tags/helm
- https://botkube.io/tags/kubecon
- https://botkube.io/tags/kubernetes
- https://botkube.io/tags/microsoft-teams
- https://botkube.io/tags/monitoring
- https://botkube.io/tags/newsletter
- https://botkube.io/tags/release
- https://botkube.io/tags/slack
- https://botkube.io/tags/tutorial
- https://botkube.io/integration/argo-cd-botkube-kubernetes-integration
- https://botkube.io/integration/botkube-flux-kubernetes-integration
- https://botkube.io/integration/chatgpt-botkube-kubernetes-integration
- https://botkube.io/integration/custom-executor-plugin
- https://botkube.io/integration/discord
- https://botkube.io/integration/helm
- https://botkube.io/integration/kasten
- https://botkube.io/integration/keptn
- https://botkube.io/integration/mattermost
- https://botkube.io/integration/prometheus
- https://botkube.io/integration/slack
- https://botkube.io/integration/teams
- https://botkube.io/learn/ai-for-devops
- https://botkube.io/learn/ai-tools-for-kubernetes
- https://botkube.io/learn/aiops-tools
- https://botkube.io/learn/automate-kubernetes-compliance-with-botkube
- https://botkube.io/learn/azure-kubernetes-services
- https://botkube.io/learn/best-gitops-tools-for-kubernetes
- https://botkube.io/learn/chatops
- https://botkube.io/learn/cluster-status-check
- https://botkube.io/learn/copying-files-with-kubectl-cp
- https://botkube.io/learn/createcontainererror
- https://botkube.io/learn/demystifying-kubectl-drain-safely-evacuating-kubernetes-nodes
- https://botkube.io/learn/exit-code-125-issues
- https://botkube.io/learn/failed-to-push-some-refs-to
- https://botkube.io/learn/fix-the-unable-to-get-local-issuer-certificate-error-in-kubernetes
- https://botkube.io/learn/helm-charts
- https://botkube.io/learn/how-botkube-makes-monitoring-kubernetes-easy
- https://botkube.io/learn/how-to-debug-crashloopbackoff
- https://botkube.io/learn/how-to-fix-fatal-remote-origin-already-exists-git-error
- https://botkube.io/learn/is-kubernetes-an-operating-system
- https://botkube.io/learn/kubectl-cheat-sheet
- https://botkube.io/learn/kubernetes-alerts-to-teams
- https://botkube.io/learn/kubernetes-audit-log-best-practices
- https://botkube.io/learn/kubernetes-errors
- https://botkube.io/learn/kubernetes-monitoring-tools
- https://botkube.io/learn/kubernetes-observability-best-practices
- https://botkube.io/learn/kubernetes-rollbacks-a-guide
- https://botkube.io/learn/making-slack-talk-kubernetes-slack-powered-chatops-for-k8s
- https://botkube.io/learn/managing-kubernetes-clusters-from-chat
- https://botkube.io/learn/platform-engineering
- https://botkube.io/learn/real-time-event-log-in-slack
- https://botkube.io/learn/roles-of-swes-and-sres
- https://botkube.io/learn/slackops
- https://botkube.io/learn/spring-boot
- https://botkube.io/learn/the-benefits-and-use-cases-of-using-botkube-in-kubernetes-clusters
- https://botkube.io/learn/turning-kubernetes-k8s-alerts-into-k8s-notifications
- https://botkube.io/learn/understanding-kubernetes-executors
- https://botkube.io/learn/understanding-yaml-commenting
- https://botkube.io/learn/use-cases-for-aiops-platform
- https://botkube.io/learn/what-is-oomkilled
- https://botkube.io/learn-main-topic/ai
- https://botkube.io/learn-main-topic/definitions
- https://botkube.io/learn-main-topic/errors
- https://botkube.io/learn-main-topic/monitoring-kubernetes
- https://botkube.io/learn-main-topic/use-cases
- https://botkube.io/lp/5-essential-kubernetes-monitoring-and-troubleshooting-tasks-to-automate
- https://botkube.io/lp/mastering-developer-self-service
- https://botkube.io/lp/zapier-for-kubernetes
- https://botkube.io/case-studies/civo
